// Jest Snapshot v1, https://goo.gl/fbAQLP

exports[`renders without crashing 1`] = `
<div
  className="chessTable"
>
  <div>
    <div
      className="chessSquare light"
      onClick={[Function]}
    />
  </div>
  <div>
    <div
      className="chessSquare dark"
      onClick={[Function]}
    />
  </div>
  <div>
    <div
      className="chessSquare light"
      onClick={[Function]}
    />
  </div>
  <div>
    <div
      className="chessSquare dark"
      onClick={[Function]}
    />
  </div>
  <div>
    <div
      className="chessSquare light"
      onClick={[Function]}
    />
  </div>
  <div>
    <div
      className="chessSquare dark"
      onClick={[Function]}
    />
  </div>
  <div>
    <div
      className="chessSquare light"
      onClick={[Function]}
    />
  </div>
  <div>
    <div
      className="chessSquare dark"
      onClick={[Function]}
    />
  </div>
  <div>
    <div
      className="chessSquare dark"
      onClick={[Function]}
    />
  </div>
  <div>
    <div
      className="chessSquare light"
      onClick={[Function]}
    />
  </div>
  <div>
    <div
      className="chessSquare dark"
      onClick={[Function]}
    />
  </div>
  <div>
    <div
      className="chessSquare light"
      onClick={[Function]}
    />
  </div>
  <div>
    <div
      className="chessSquare dark"
      onClick={[Function]}
    />
  </div>
  <div>
    <div
      className="chessSquare light"
      onClick={[Function]}
    />
  </div>
  <div>
    <div
      className="chessSquare dark"
      onClick={[Function]}
    />
  </div>
  <div>
    <div
      className="chessSquare light"
      onClick={[Function]}
    />
  </div>
  <div>
    <div
      className="chessSquare light"
      onClick={[Function]}
    />
  </div>
  <div>
    <div
      className="chessSquare dark"
      onClick={[Function]}
    />
  </div>
  <div>
    <div
      className="chessSquare light"
      onClick={[Function]}
    />
  </div>
  <div>
    <div
      className="chessSquare dark"
      onClick={[Function]}
    />
  </div>
  <div>
    <div
      className="chessSquare light"
      onClick={[Function]}
    />
  </div>
  <div>
    <div
      className="chessSquare dark"
      onClick={[Function]}
    />
  </div>
  <div>
    <div
      className="chessSquare light"
      onClick={[Function]}
    />
  </div>
  <div>
    <div
      className="chessSquare dark"
      onClick={[Function]}
    />
  </div>
  <div>
    <div
      className="chessSquare dark"
      onClick={[Function]}
    />
  </div>
  <div>
    <div
      className="chessSquare light"
      onClick={[Function]}
    />
  </div>
  <div>
    <div
      className="chessSquare dark"
      onClick={[Function]}
    />
  </div>
  <div>
    <div
      className="chessSquare light"
      onClick={[Function]}
    />
  </div>
  <div>
    <div
      className="chessSquare dark"
      onClick={[Function]}
    />
  </div>
  <div>
    <div
      className="chessSquare light"
      onClick={[Function]}
    />
  </div>
  <div>
    <div
      className="chessSquare dark"
      onClick={[Function]}
    />
  </div>
  <div>
    <div
      className="chessSquare light"
      onClick={[Function]}
    />
  </div>
  <div>
    <div
      className="chessSquare light"
      onClick={[Function]}
    />
  </div>
  <div>
    <div
      className="chessSquare dark"
      onClick={[Function]}
    />
  </div>
  <div>
    <div
      className="chessSquare light"
      onClick={[Function]}
    />
  </div>
  <div>
    <div
      className="chessSquare dark"
      onClick={[Function]}
    />
  </div>
  <div>
    <div
      className="chessSquare light"
      onClick={[Function]}
    />
  </div>
  <div>
    <div
      className="chessSquare dark"
      onClick={[Function]}
    />
  </div>
  <div>
    <div
      className="chessSquare light"
      onClick={[Function]}
    />
  </div>
  <div>
    <div
      className="chessSquare dark"
      onClick={[Function]}
    />
  </div>
  <div>
    <div
      className="chessSquare dark"
      onClick={[Function]}
    />
  </div>
  <div>
    <div
      className="chessSquare light"
      onClick={[Function]}
    />
  </div>
  <div>
    <div
      className="chessSquare dark"
      onClick={[Function]}
    />
  </div>
  <div>
    <div
      className="chessSquare light"
      onClick={[Function]}
    />
  </div>
  <div>
    <div
      className="chessSquare dark"
      onClick={[Function]}
    />
  </div>
  <div>
    <div
      className="chessSquare light"
      onClick={[Function]}
    />
  </div>
  <div>
    <div
      className="chessSquare dark"
      onClick={[Function]}
    />
  </div>
  <div>
    <div
      className="chessSquare light"
      onClick={[Function]}
    />
  </div>
  <div>
    <div
      className="chessSquare light"
      onClick={[Function]}
    />
  </div>
  <div>
    <div
      className="chessSquare dark"
      onClick={[Function]}
    />
  </div>
  <div>
    <div
      className="chessSquare light"
      onClick={[Function]}
    />
  </div>
  <div>
    <div
      className="chessSquare dark"
      onClick={[Function]}
    />
  </div>
  <div>
    <div
      className="chessSquare light"
      onClick={[Function]}
    />
  </div>
  <div>
    <div
      className="chessSquare dark"
      onClick={[Function]}
    />
  </div>
  <div>
    <div
      className="chessSquare light"
      onClick={[Function]}
    />
  </div>
  <div>
    <div
      className="chessSquare dark"
      onClick={[Function]}
    />
  </div>
  <div>
    <div
      className="chessSquare dark"
      onClick={[Function]}
    />
  </div>
  <div>
    <div
      className="chessSquare light"
      onClick={[Function]}
    />
  </div>
  <div>
    <div
      className="chessSquare dark"
      onClick={[Function]}
    />
  </div>
  <div>
    <div
      className="chessSquare light"
      onClick={[Function]}
    />
  </div>
  <div>
    <div
      className="chessSquare dark"
      onClick={[Function]}
    />
  </div>
  <div>
    <div
      className="chessSquare light"
      onClick={[Function]}
    />
  </div>
  <div>
    <div
      className="chessSquare dark"
      onClick={[Function]}
    />
  </div>
  <div>
    <div
      className="chessSquare light"
      onClick={[Function]}
    />
  </div>
</div>
`;
